// Jest Snapshot v1, https://goo.gl/fbAQLP

exports[`MessageForm renders message form 1`] = `
<form
  action="/api/v1/chats/1/messages"
  className="messageForm simple_form"
  method="post"
  onSubmit={[Function]}
>
  <div
    className="formText form-group text"
  >
    <textarea
      className="form-control"
      name="message[text]"
      onChange={[Function]}
      onKeyUp={[Function]}
      placeholder="Type text..."
      rows="1"
      value=""
    />
  </div>
  <button
    className="formButton btn btn-primary"
    disabled={false}
  >
    Send
  </button>
</form>
`;
