// Jest Snapshot v1, https://goo.gl/fbAQLP

exports[`Chat renders chat 1`] = `
<div
  className="chat"
>
  John Smith
  <div
    className="messages"
  >
    <Message
      avatarUrl="/john_smith_avatar.jpg"
      isCurrentUserMessage={false}
      key="1"
      message={
        Object {
          "id": 1,
          "sender_id": 1,
          "text": "Hello, Kevin!",
        }
      }
    />
    <Message
      avatarUrl="/kevin_doe_avatar.jpg"
      isCurrentUserMessage={true}
      key="2"
      message={
        Object {
          "id": 2,
          "sender_id": 2,
          "text": "Hello, John!",
        }
      }
    />
    <Message
      avatarUrl="/john_smith_avatar.jpg"
      isCurrentUserMessage={false}
      key="1"
      message={
        Object {
          "id": 1,
          "sender_id": 1,
          "text": "How are you?",
        }
      }
    />
  </div>
  <MessageForm
    chatId={1}
  />
</div>
`;
